Copyright 1986-2018 Xilinx, Inc. All Rights Reserved.
-----------------------------------------------------------------------------------------------------
| Tool Version : Vivado v.2018.3 (lin64) Build 2405991 Thu Dec  6 23:36:41 MST 2018
| Date         : Tue Jun 20 19:03:35 2023
| Host         : fedora running 64-bit unknown
| Command      : report_control_sets -verbose -file audio_processing_wrapper_control_sets_placed.rpt
| Design       : audio_processing_wrapper
| Device       : xc7z020
-----------------------------------------------------------------------------------------------------

Control Set Information

Table of Contents
-----------------
1. Summary
2. Histogram
3. Flip-Flop Distribution
4. Detailed Control Set Information

1. Summary
----------

+----------------------------------------------------------+-------+
|                          Status                          | Count |
+----------------------------------------------------------+-------+
| Number of unique control sets                            |   114 |
| Unused register locations in slices containing registers |   235 |
+----------------------------------------------------------+-------+


2. Histogram
------------

+--------+--------------+
| Fanout | Control Sets |
+--------+--------------+
|      1 |            4 |
|      2 |            2 |
|      4 |            9 |
|      5 |           11 |
|      6 |            5 |
|      7 |            5 |
|      8 |           25 |
|      9 |            1 |
|     10 |            2 |
|     12 |            5 |
|     13 |            2 |
|     14 |            2 |
|    16+ |           41 |
+--------+--------------+


3. Flip-Flop Distribution
-------------------------

+--------------+-----------------------+------------------------+-----------------+--------------+
| Clock Enable | Synchronous Set/Reset | Asynchronous Set/Reset | Total Registers | Total Slices |
+--------------+-----------------------+------------------------+-----------------+--------------+
| No           | No                    | No                     |             286 |          108 |
| No           | No                    | Yes                    |               0 |            0 |
| No           | Yes                   | No                     |             220 |           81 |
| Yes          | No                    | No                     |             816 |          211 |
| Yes          | No                    | Yes                    |               0 |            0 |
| Yes          | Yes                   | No                     |             763 |          218 |
+--------------+-----------------------+------------------------+-----------------+--------------+


4. Detailed Control Set Information
-----------------------------------

+---------------------------------------------------------+------------------------------------------------------------------------------------------------------------------------------------------------------------------------+---------------------------------------------------------------------------------------------------------------------------------------------------------------+------------------+----------------+
|                       Clock Signal                      |                                                                              Enable Signal                                                                             |                                                                        Set/Reset Signal                                                                       | Slice Load Count | Bel Load Count |
+---------------------------------------------------------+------------------------------------------------------------------------------------------------------------------------------------------------------------------------+---------------------------------------------------------------------------------------------------------------------------------------------------------------+------------------+----------------+
|  audio_processing_i/processing_system7_0/inst/FCLK_CLK0 | audio_processing_i/ssd1306_driver_0/inst/ssd1306_driver_inst/oled_vdd                                                                                                  |                                                                                                                                                               |                1 |              1 |
|  audio_processing_i/processing_system7_0/inst/FCLK_CLK0 | audio_processing_i/ssd1306_driver_0/inst/ssd1306_driver_inst/oled_vcc                                                                                                  |                                                                                                                                                               |                1 |              1 |
|  audio_processing_i/processing_system7_0/inst/FCLK_CLK0 | audio_processing_i/ps7_0_axi_periph/s00_couplers/auto_pc/inst/gen_axilite.gen_b2s_conv.axilite_b2s/WR.aw_channel_0/aw_cmd_fsm_0/m_axi_awready_1                        | audio_processing_i/ps7_0_axi_periph/s00_couplers/auto_pc/inst/gen_axilite.gen_b2s_conv.axilite_b2s/WR.aw_channel_0/aw_cmd_fsm_0/m_axi_awready_0               |                1 |              1 |
|  audio_processing_i/processing_system7_0/inst/FCLK_CLK0 | audio_processing_i/ssd1306_driver_0/inst/ssd1306_driver_inst/oled_reset                                                                                                |                                                                                                                                                               |                1 |              1 |
|  adau1761_bclk_0_IBUF                                   |                                                                                                                                                                        |                                                                                                                                                               |                1 |              2 |
|  audio_processing_i/processing_system7_0/inst/FCLK_CLK0 | audio_processing_i/ps7_0_axi_periph/s00_couplers/auto_pc/inst/gen_axilite.gen_b2s_conv.axilite_b2s/WR.b_channel_0/bid_fifo_0/sel                                       |                                                                                                                                                               |                1 |              2 |
|  audio_processing_i/processing_system7_0/inst/FCLK_CLK0 | audio_processing_i/effect_control/U0/AXI_LITE_IPIF_I/I_SLAVE_ATTACHMENT/start2                                                                                         | audio_processing_i/effect_control/U0/AXI_LITE_IPIF_I/I_SLAVE_ATTACHMENT/I_DECODER/cs_ce_clr                                                                   |                2 |              4 |
|  audio_processing_i/processing_system7_0/inst/FCLK_CLK0 | audio_processing_i/gpio_buttons/U0/AXI_LITE_IPIF_I/I_SLAVE_ATTACHMENT/start2                                                                                           | audio_processing_i/gpio_buttons/U0/AXI_LITE_IPIF_I/I_SLAVE_ATTACHMENT/I_DECODER/cs_ce_clr                                                                     |                2 |              4 |
|  audio_processing_i/processing_system7_0/inst/FCLK_CLK0 | audio_processing_i/gpio_buttons/U0/AXI_LITE_IPIF_I/I_SLAVE_ATTACHMENT/bus2ip_addr_i[8]_i_1_n_0                                                                         | audio_processing_i/gpio_buttons/U0/AXI_LITE_IPIF_I/I_SLAVE_ATTACHMENT/SR[0]                                                                                   |                1 |              4 |
|  audio_processing_i/processing_system7_0/inst/FCLK_CLK0 |                                                                                                                                                                        | audio_processing_i/ps7_0_axi_periph/s00_couplers/auto_pc/inst/gen_axilite.gen_b2s_conv.axilite_b2s/SI_REG/aw.aw_pipe/aresetn_d_reg[0]_0                       |                3 |              4 |
|  audio_processing_i/processing_system7_0/inst/FCLK_CLK0 |                                                                                                                                                                        | audio_processing_i/ps7_0_axi_periph/s00_couplers/auto_pc/inst/gen_axilite.gen_b2s_conv.axilite_b2s/SI_REG/ar.ar_pipe/aresetn_d_reg[1]_inv_0                   |                2 |              4 |
|  audio_processing_i/processing_system7_0/inst/FCLK_CLK0 |                                                                                                                                                                        | audio_processing_i/gpio_buttons/U0/AXI_LITE_IPIF_I/I_SLAVE_ATTACHMENT/clear                                                                                   |                1 |              4 |
|  audio_processing_i/processing_system7_0/inst/FCLK_CLK0 |                                                                                                                                                                        | audio_processing_i/effect_control/U0/AXI_LITE_IPIF_I/I_SLAVE_ATTACHMENT/clear                                                                                 |                1 |              4 |
|  audio_processing_i/processing_system7_0/inst/FCLK_CLK0 | audio_processing_i/ssd1306_driver_0/inst/ssd1306_driver_inst/spi_master_inst/is_sclk_rising_reg_n_0                                                                    | audio_processing_i/ssd1306_driver_0/inst/ssd1306_driver_inst/spi_master_inst/ssd1306_sclk_INST_0_i_1_n_0                                                      |                1 |              4 |
|  audio_processing_i/processing_system7_0/inst/FCLK_CLK0 | audio_processing_i/effect_control/U0/AXI_LITE_IPIF_I/I_SLAVE_ATTACHMENT/bus2ip_addr_i[8]_i_1_n_0                                                                       | audio_processing_i/effect_control/U0/AXI_LITE_IPIF_I/I_SLAVE_ATTACHMENT/SR[0]                                                                                 |                1 |              4 |
|  audio_processing_i/processing_system7_0/inst/FCLK_CLK0 | audio_processing_i/axis_audio_tremolo_0/inst/div_out_reg_n_0                                                                                                           | audio_processing_i/axis_audio_tremolo_0/inst/m_axis_tvalid_reg_i_1_n_0                                                                                        |                1 |              5 |
|  audio_processing_i/processing_system7_0/inst/FCLK_CLK0 | audio_processing_i/effect_control/U0/AXI_LITE_IPIF_I/I_SLAVE_ATTACHMENT/I_DECODER/E[0]                                                                                 | audio_processing_i/effect_control/U0/AXI_LITE_IPIF_I/I_SLAVE_ATTACHMENT/SR[0]                                                                                 |                1 |              5 |
|  audio_processing_i/processing_system7_0/inst/FCLK_CLK0 | audio_processing_i/gpio_buttons/U0/AXI_LITE_IPIF_I/I_SLAVE_ATTACHMENT/I_DECODER/bus2ip_rnw_i_reg[0]                                                                    | audio_processing_i/gpio_buttons/U0/AXI_LITE_IPIF_I/I_SLAVE_ATTACHMENT/SR[0]                                                                                   |                1 |              5 |
|  audio_processing_i/processing_system7_0/inst/FCLK_CLK0 | audio_processing_i/ps7_0_axi_periph/s00_couplers/auto_pc/inst/gen_axilite.gen_b2s_conv.axilite_b2s/RD.r_channel_0/rd_data_fifo_0/cnt_read[4]_i_1_n_0                   | audio_processing_i/ps7_0_axi_periph/s00_couplers/auto_pc/inst/gen_axilite.gen_b2s_conv.axilite_b2s/areset_d1                                                  |                2 |              5 |
|  audio_processing_i/processing_system7_0/inst/FCLK_CLK0 | audio_processing_i/axis_audio_distortion_0/inst/out_data[18]_i_1_n_0                                                                                                   | audio_processing_i/axis_audio_distortion_0/inst/out_data[23]_i_1_n_0                                                                                          |                3 |              5 |
|  audio_processing_i/processing_system7_0/inst/FCLK_CLK0 | audio_processing_i/ps7_0_axi_periph/s00_couplers/auto_pc/inst/gen_axilite.gen_b2s_conv.axilite_b2s/RD.r_channel_0/rd_data_fifo_0/E[0]                                  | audio_processing_i/ps7_0_axi_periph/s00_couplers/auto_pc/inst/gen_axilite.gen_b2s_conv.axilite_b2s/areset_d1                                                  |                2 |              5 |
|  audio_processing_i/processing_system7_0/inst/FCLK_CLK0 | audio_processing_i/ps7_0_axi_periph/s00_couplers/auto_pc/inst/gen_axilite.gen_b2s_conv.axilite_b2s/RD.ar_channel_0/ar_cmd_fsm_0/m_valid_i_reg                          | audio_processing_i/ps7_0_axi_periph/s00_couplers/auto_pc/inst/gen_axilite.gen_b2s_conv.axilite_b2s/RD.ar_channel_0/ar_cmd_fsm_0/FSM_sequential_state_reg[0]_0 |                2 |              5 |
|  audio_processing_i/processing_system7_0/inst/FCLK_CLK0 |                                                                                                                                                                        | audio_processing_i/effect_control/U0/gpio_core_1/Read_Reg_Rst__0                                                                                              |                1 |              5 |
|  audio_processing_i/processing_system7_0/inst/FCLK_CLK0 |                                                                                                                                                                        | audio_processing_i/ssd1306_driver_0/inst/ssd1306_driver_inst/spi_master_inst/sclk_counter[4]_i_1_n_0                                                          |                1 |              5 |
|  audio_processing_i/processing_system7_0/inst/FCLK_CLK0 |                                                                                                                                                                        | audio_processing_i/gpio_buttons/U0/AXI_LITE_IPIF_I/I_SLAVE_ATTACHMENT/I_DECODER/bus2ip_rnw_i_reg_0                                                            |                2 |              5 |
|  audio_processing_i/processing_system7_0/inst/FCLK_CLK0 |                                                                                                                                                                        | audio_processing_i/rst_ps7_0_50M/U0/EXT_LPF/lpf_int                                                                                                           |                3 |              5 |
|  audio_processing_i/processing_system7_0/inst/FCLK_CLK0 | audio_processing_i/i2s_receiver_0/inst/counter                                                                                                                         | audio_processing_i/i2s_receiver_0/inst/counter[5]_i_1_n_0                                                                                                     |                1 |              6 |
|  audio_processing_i/processing_system7_0/inst/FCLK_CLK0 | audio_processing_i/gpio_buttons/U0/AXI_LITE_IPIF_I/I_SLAVE_ATTACHMENT/s_axi_rresp_i                                                                                    | audio_processing_i/gpio_buttons/U0/AXI_LITE_IPIF_I/I_SLAVE_ATTACHMENT/SR[0]                                                                                   |                1 |              6 |
|  audio_processing_i/processing_system7_0/inst/FCLK_CLK0 | audio_processing_i/effect_control/U0/AXI_LITE_IPIF_I/I_SLAVE_ATTACHMENT/s_axi_rresp_i                                                                                  | audio_processing_i/effect_control/U0/AXI_LITE_IPIF_I/I_SLAVE_ATTACHMENT/SR[0]                                                                                 |                1 |              6 |
|  audio_processing_i/processing_system7_0/inst/FCLK_CLK0 | audio_processing_i/rst_ps7_0_50M/U0/SEQ/seq_cnt_en                                                                                                                     | audio_processing_i/rst_ps7_0_50M/U0/SEQ/SEQ_COUNTER/clear                                                                                                     |                1 |              6 |
|  audio_processing_i/processing_system7_0/inst/FCLK_CLK0 | audio_processing_i/ssd1306_driver_0/inst/ssd1306_driver_inst/timer_inst/is_timer_enabled_reg                                                                           |                                                                                                                                                               |                4 |              6 |
|  audio_processing_i/processing_system7_0/inst/FCLK_CLK0 | audio_processing_i/ssd1306_driver_0/inst/ssd1306_driver_v1_0_S00_AXI_inst/slv_reg1_tristate_oe[15]_i_1_n_0                                                             | audio_processing_i/ssd1306_driver_0/inst/ssd1306_driver_v1_0_S00_AXI_inst/axi_awready_i_1_n_0                                                                 |                1 |              7 |
|  audio_processing_i/processing_system7_0/inst/FCLK_CLK0 | audio_processing_i/stereo_to_mono_0/inst/m_axis_tvalid_reg0                                                                                                            | audio_processing_i/stereo_to_mono_0/inst/raw_sample[7]_i_1_n_0                                                                                                |                1 |              7 |
|  audio_processing_i/processing_system7_0/inst/FCLK_CLK0 | audio_processing_i/ssd1306_driver_0/inst/ssd1306_driver_v1_0_S00_AXI_inst/slv_reg0_tristate_oe[7]_i_1_n_0                                                              | audio_processing_i/ssd1306_driver_0/inst/ssd1306_driver_v1_0_S00_AXI_inst/axi_awready_i_1_n_0                                                                 |                2 |              7 |
|  audio_processing_i/processing_system7_0/inst/FCLK_CLK0 | audio_processing_i/ssd1306_driver_0/inst/ssd1306_driver_inst/timer_inst/is_timer_enabled_reg                                                                           | audio_processing_i/ssd1306_driver_0/inst/ssd1306_driver_inst/wait_time[12]_i_1_n_0                                                                            |                2 |              7 |
|  audio_processing_i/processing_system7_0/inst/FCLK_CLK0 | audio_processing_i/adau1761_controller_0/inst/adau1761_spi/busy                                                                                                        | audio_processing_i/adau1761_controller_0/inst/adau1761_spi/clk_count[6]_i_1_n_0                                                                               |                3 |              7 |
|  audio_processing_i/processing_system7_0/inst/FCLK_CLK0 | audio_processing_i/ssd1306_driver_0/inst/ssd1306_driver_v1_0_S00_AXI_inst/slv_reg0_tristate_oe[31]_i_1_n_0                                                             | audio_processing_i/ssd1306_driver_0/inst/ssd1306_driver_v1_0_S00_AXI_inst/axi_awready_i_1_n_0                                                                 |                1 |              8 |
|  audio_processing_i/processing_system7_0/inst/FCLK_CLK0 | audio_processing_i/ssd1306_driver_0/inst/ssd1306_driver_inst/spi_master_inst/FSM_sequential_state_reg[2]_0                                                             |                                                                                                                                                               |                3 |              8 |
|  audio_processing_i/processing_system7_0/inst/FCLK_CLK0 | audio_processing_i/ssd1306_driver_0/inst/ssd1306_driver_inst/ip[1]_i_1_n_0                                                                                             |                                                                                                                                                               |                4 |              8 |
|  audio_processing_i/processing_system7_0/inst/FCLK_CLK0 | audio_processing_i/adau1761_controller_0/inst/adau1761_controller_v1_0_S00_AXI_inst/p_1_in[19]                                                                         | audio_processing_i/adau1761_controller_0/inst/adau1761_controller_v1_0_S00_AXI_inst/p_0_in                                                                    |                1 |              8 |
|  audio_processing_i/processing_system7_0/inst/FCLK_CLK0 | audio_processing_i/ssd1306_driver_0/inst/ssd1306_driver_v1_0_S00_AXI_inst/slv_reg0_tristate_oe[23]_i_1_n_0                                                             | audio_processing_i/ssd1306_driver_0/inst/ssd1306_driver_v1_0_S00_AXI_inst/axi_awready_i_1_n_0                                                                 |                1 |              8 |
|  audio_processing_i/processing_system7_0/inst/FCLK_CLK0 | audio_processing_i/adau1761_controller_0/inst/adau1761_controller_v1_0_S00_AXI_inst/slv_reg2[15]_i_1_n_0                                                               | audio_processing_i/adau1761_controller_0/inst/adau1761_controller_v1_0_S00_AXI_inst/p_0_in                                                                    |                1 |              8 |
|  audio_processing_i/processing_system7_0/inst/FCLK_CLK0 | audio_processing_i/ps7_0_axi_periph/s00_couplers/auto_pc/inst/gen_axilite.gen_b2s_conv.axilite_b2s/WR.b_channel_0/mhandshake_r                                         | audio_processing_i/ps7_0_axi_periph/s00_couplers/auto_pc/inst/gen_axilite.gen_b2s_conv.axilite_b2s/WR.b_channel_0/bid_fifo_0/SR[0]                            |                3 |              8 |
|  audio_processing_i/processing_system7_0/inst/FCLK_CLK0 | audio_processing_i/ssd1306_driver_0/inst/ssd1306_driver_v1_0_S00_AXI_inst/p_1_in[31]                                                                                   | audio_processing_i/ssd1306_driver_0/inst/ssd1306_driver_v1_0_S00_AXI_inst/axi_awready_i_1_n_0                                                                 |                1 |              8 |
|  audio_processing_i/processing_system7_0/inst/FCLK_CLK0 | audio_processing_i/ssd1306_driver_0/inst/ssd1306_driver_v1_0_S00_AXI_inst/p_1_in[23]                                                                                   | audio_processing_i/ssd1306_driver_0/inst/ssd1306_driver_v1_0_S00_AXI_inst/axi_awready_i_1_n_0                                                                 |                1 |              8 |
|  audio_processing_i/processing_system7_0/inst/FCLK_CLK0 | audio_processing_i/ssd1306_driver_0/inst/ssd1306_driver_v1_0_S00_AXI_inst/p_1_in[15]                                                                                   | audio_processing_i/ssd1306_driver_0/inst/ssd1306_driver_v1_0_S00_AXI_inst/axi_awready_i_1_n_0                                                                 |                1 |              8 |
|  audio_processing_i/processing_system7_0/inst/FCLK_CLK0 | audio_processing_i/adau1761_controller_0/inst/adau1761_controller_v1_0_S00_AXI_inst/slv_reg2[23]_i_1_n_0                                                               | audio_processing_i/adau1761_controller_0/inst/adau1761_controller_v1_0_S00_AXI_inst/p_0_in                                                                    |                1 |              8 |
|  audio_processing_i/processing_system7_0/inst/FCLK_CLK0 | audio_processing_i/adau1761_controller_0/inst/adau1761_controller_v1_0_S00_AXI_inst/slv_reg2[7]_i_1_n_0                                                                | audio_processing_i/adau1761_controller_0/inst/adau1761_controller_v1_0_S00_AXI_inst/p_0_in                                                                    |                2 |              8 |
|  audio_processing_i/processing_system7_0/inst/FCLK_CLK0 | audio_processing_i/adau1761_controller_0/inst/adau1761_controller_v1_0_S00_AXI_inst/p_1_in[7]                                                                          | audio_processing_i/adau1761_controller_0/inst/adau1761_controller_v1_0_S00_AXI_inst/p_0_in                                                                    |                1 |              8 |
|  audio_processing_i/processing_system7_0/inst/FCLK_CLK0 | audio_processing_i/ssd1306_driver_0/inst/ssd1306_driver_v1_0_S00_AXI_inst/p_1_in[7]                                                                                    | audio_processing_i/ssd1306_driver_0/inst/ssd1306_driver_v1_0_S00_AXI_inst/axi_awready_i_1_n_0                                                                 |                2 |              8 |
|  audio_processing_i/processing_system7_0/inst/FCLK_CLK0 | audio_processing_i/adau1761_controller_0/inst/adau1761_spi/shift_reg                                                                                                   | audio_processing_i/adau1761_controller_0/inst/adau1761_spi/shift_reg[88]_i_1_n_0                                                                              |                1 |              8 |
|  audio_processing_i/processing_system7_0/inst/FCLK_CLK0 | audio_processing_i/ssd1306_driver_0/inst/ssd1306_driver_v1_0_S00_AXI_inst/slv_reg0_tristate_oe[15]_i_1_n_0                                                             | audio_processing_i/ssd1306_driver_0/inst/ssd1306_driver_v1_0_S00_AXI_inst/axi_awready_i_1_n_0                                                                 |                1 |              8 |
|  audio_processing_i/processing_system7_0/inst/FCLK_CLK0 | audio_processing_i/adau1761_controller_0/inst/adau1761_controller_v1_0_S00_AXI_inst/slv_reg2[31]_i_1_n_0                                                               | audio_processing_i/adau1761_controller_0/inst/adau1761_controller_v1_0_S00_AXI_inst/p_0_in                                                                    |                1 |              8 |
|  audio_processing_i/processing_system7_0/inst/FCLK_CLK0 | audio_processing_i/adau1761_controller_0/inst/adau1761_controller_v1_0_S00_AXI_inst/slv_reg3[15]_i_1_n_0                                                               | audio_processing_i/adau1761_controller_0/inst/adau1761_controller_v1_0_S00_AXI_inst/p_0_in                                                                    |                2 |              8 |
|  audio_processing_i/processing_system7_0/inst/FCLK_CLK0 | audio_processing_i/adau1761_controller_0/inst/adau1761_controller_v1_0_S00_AXI_inst/slv_reg3[23]_i_1_n_0                                                               | audio_processing_i/adau1761_controller_0/inst/adau1761_controller_v1_0_S00_AXI_inst/p_0_in                                                                    |                2 |              8 |
|  audio_processing_i/processing_system7_0/inst/FCLK_CLK0 | audio_processing_i/adau1761_controller_0/inst/adau1761_controller_v1_0_S00_AXI_inst/slv_reg3[31]_i_1_n_0                                                               | audio_processing_i/adau1761_controller_0/inst/adau1761_controller_v1_0_S00_AXI_inst/p_0_in                                                                    |                1 |              8 |
|  audio_processing_i/processing_system7_0/inst/FCLK_CLK0 | audio_processing_i/adau1761_controller_0/inst/adau1761_controller_v1_0_S00_AXI_inst/p_1_in[15]                                                                         | audio_processing_i/adau1761_controller_0/inst/adau1761_controller_v1_0_S00_AXI_inst/p_0_in                                                                    |                1 |              8 |
|  audio_processing_i/processing_system7_0/inst/FCLK_CLK0 | audio_processing_i/adau1761_controller_0/inst/adau1761_controller_v1_0_S00_AXI_inst/p_1_in[25]                                                                         | audio_processing_i/adau1761_controller_0/inst/adau1761_controller_v1_0_S00_AXI_inst/p_0_in                                                                    |                2 |              8 |
|  audio_processing_i/processing_system7_0/inst/FCLK_CLK0 | audio_processing_i/adau1761_controller_0/inst/adau1761_controller_v1_0_S00_AXI_inst/slv_reg3[7]_i_1_n_0                                                                | audio_processing_i/adau1761_controller_0/inst/adau1761_controller_v1_0_S00_AXI_inst/p_0_in                                                                    |                1 |              8 |
|  audio_processing_i/processing_system7_0/inst/FCLK_CLK0 | audio_processing_i/ssd1306_driver_0/inst/ssd1306_driver_v1_0_S00_AXI_inst/slv_reg1_tristate_oe[31]_i_1_n_0                                                             | audio_processing_i/ssd1306_driver_0/inst/ssd1306_driver_v1_0_S00_AXI_inst/axi_awready_i_1_n_0                                                                 |                1 |              8 |
|  audio_processing_i/processing_system7_0/inst/FCLK_CLK0 | audio_processing_i/ssd1306_driver_0/inst/ssd1306_driver_v1_0_S00_AXI_inst/slv_reg1_tristate_oe[23]_i_1_n_0                                                             | audio_processing_i/ssd1306_driver_0/inst/ssd1306_driver_v1_0_S00_AXI_inst/axi_awready_i_1_n_0                                                                 |                1 |              8 |
|  audio_processing_i/processing_system7_0/inst/FCLK_CLK0 | audio_processing_i/ssd1306_driver_0/inst/ssd1306_driver_v1_0_S00_AXI_inst/E[0]                                                                                         |                                                                                                                                                               |                3 |              9 |
|  audio_processing_i/processing_system7_0/inst/FCLK_CLK0 |                                                                                                                                                                        | audio_processing_i/ps7_0_axi_periph/s00_couplers/auto_pc/inst/gen_axilite.gen_b2s_conv.axilite_b2s/areset_d1                                                  |                4 |             10 |
|  audio_processing_i/processing_system7_0/inst/FCLK_CLK0 |                                                                                                                                                                        | audio_processing_i/ssd1306_driver_0/inst/ssd1306_driver_v1_0_S00_AXI_inst/axi_awready_i_1_n_0                                                                 |                4 |             10 |
|  audio_processing_i/processing_system7_0/inst/FCLK_CLK0 | audio_processing_i/ps7_0_axi_periph/s00_couplers/auto_pc/inst/gen_axilite.gen_b2s_conv.axilite_b2s/RD.ar_channel_0/ar_cmd_fsm_0/E[0]                                   |                                                                                                                                                               |                6 |             12 |
|  audio_processing_i/processing_system7_0/inst/FCLK_CLK0 | audio_processing_i/ps7_0_axi_periph/s00_couplers/auto_pc/inst/gen_axilite.gen_b2s_conv.axilite_b2s/RD.ar_channel_0/ar_cmd_fsm_0/sel_first_reg[0]                       |                                                                                                                                                               |                3 |             12 |
|  audio_processing_i/processing_system7_0/inst/FCLK_CLK0 |                                                                                                                                                                        | audio_processing_i/adau1761_controller_0/inst/adau1761_controller_v1_0_S00_AXI_inst/p_0_in                                                                    |                4 |             12 |
|  audio_processing_i/processing_system7_0/inst/FCLK_CLK0 | audio_processing_i/ps7_0_axi_periph/s00_couplers/auto_pc/inst/gen_axilite.gen_b2s_conv.axilite_b2s/WR.aw_channel_0/cmd_translator_0/incr_cmd_0/axaddr_incr[11]_i_1_n_0 |                                                                                                                                                               |                2 |             12 |
|  audio_processing_i/processing_system7_0/inst/FCLK_CLK0 | audio_processing_i/ps7_0_axi_periph/s00_couplers/auto_pc/inst/gen_axilite.gen_b2s_conv.axilite_b2s/WR.aw_channel_0/aw_cmd_fsm_0/E[0]                                   |                                                                                                                                                               |                5 |             12 |
|  audio_processing_i/processing_system7_0/inst/FCLK_CLK0 | audio_processing_i/ps7_0_axi_periph/s00_couplers/auto_pc/inst/gen_axilite.gen_b2s_conv.axilite_b2s/RD.r_channel_0/r_push_r                                             |                                                                                                                                                               |                5 |             13 |
|  audio_processing_i/processing_system7_0/inst/FCLK_CLK0 |                                                                                                                                                                        | audio_processing_i/ps7_0_axi_periph/xbar/inst/gen_sasd.crossbar_sasd_0/addr_arbiter_inst/SR[0]                                                                |                3 |             13 |
|  audio_processing_i/processing_system7_0/inst/FCLK_CLK0 | audio_processing_i/ps7_0_axi_periph/s00_couplers/auto_pc/inst/gen_axilite.gen_b2s_conv.axilite_b2s/SI_REG/b.b_pipe/p_1_in                                              |                                                                                                                                                               |                2 |             14 |
|  audio_processing_i/processing_system7_0/inst/FCLK_CLK0 | audio_processing_i/ps7_0_axi_periph/s00_couplers/auto_pc/inst/gen_axilite.gen_b2s_conv.axilite_b2s/SI_REG/b.b_pipe/s_ready_i_reg_0                                     |                                                                                                                                                               |                3 |             14 |
|  audio_processing_i/processing_system7_0/inst/FCLK_CLK0 | audio_processing_i/ps7_0_axi_periph/s00_couplers/auto_pc/inst/gen_axilite.gen_b2s_conv.axilite_b2s/WR.aw_channel_0/aw_cmd_fsm_0/b_push                                 |                                                                                                                                                               |                3 |             16 |
|  audio_processing_i/processing_system7_0/inst/FCLK_CLK0 | audio_processing_i/axis_audio_distortion_0/inst/out_data[18]_i_1_n_0                                                                                                   |                                                                                                                                                               |               10 |             19 |
|  audio_processing_i/processing_system7_0/inst/FCLK_CLK0 | audio_processing_i/ps7_0_axi_periph/xbar/inst/gen_sasd.crossbar_sasd_0/addr_arbiter_inst/p_0_in1_in                                                                    | audio_processing_i/ps7_0_axi_periph/xbar/inst/gen_sasd.crossbar_sasd_0/addr_arbiter_inst/SR[0]                                                                |                7 |             20 |
|  audio_processing_i/processing_system7_0/inst/FCLK_CLK0 | audio_processing_i/ps7_0_axi_periph/s00_couplers/auto_pc/inst/gen_axilite.gen_b2s_conv.axilite_b2s/RD.ar_channel_0/ar_cmd_fsm_0/m_valid_i_reg                          |                                                                                                                                                               |                9 |             21 |
|  audio_processing_i/processing_system7_0/inst/FCLK_CLK0 |                                                                                                                                                                        | audio_processing_i/effect_control/U0/AXI_LITE_IPIF_I/I_SLAVE_ATTACHMENT/SR[0]                                                                                 |                9 |             21 |
|  audio_processing_i/processing_system7_0/inst/FCLK_CLK0 |                                                                                                                                                                        | audio_processing_i/gpio_buttons/U0/AXI_LITE_IPIF_I/I_SLAVE_ATTACHMENT/SR[0]                                                                                   |                6 |             21 |
|  audio_processing_i/processing_system7_0/inst/FCLK_CLK0 | audio_processing_i/ssd1306_driver_0/inst/ssd1306_driver_inst/spi_master_inst/FSM_sequential_state_reg[2]_0                                                             | audio_processing_i/ssd1306_driver_0/inst/ssd1306_driver_inst/spi_master_inst/FSM_sequential_state_reg[2]_2                                                    |                4 |             24 |
|  audio_processing_i/processing_system7_0/inst/FCLK_CLK0 | audio_processing_i/stereo_to_mono_0/inst/m_axis_tdata[31]_i_1_n_0                                                                                                      |                                                                                                                                                               |               10 |             24 |
|  audio_processing_i/processing_system7_0/inst/FCLK_CLK0 | audio_processing_i/stereo_to_mono_0/inst/audio_sum                                                                                                                     | audio_processing_i/stereo_to_mono_0/inst/raw_sample[7]_i_1_n_0                                                                                                |                6 |             24 |
|  audio_processing_i/processing_system7_0/inst/FCLK_CLK0 | audio_processing_i/axis_audio_distortion_0/inst/m_axis_tdata[31]_i_1_n_0                                                                                               |                                                                                                                                                               |                4 |             24 |
|  audio_processing_i/processing_system7_0/inst/FCLK_CLK0 | audio_processing_i/axis_audio_delay_0/inst/s_axis_tready_reg0                                                                                                          | audio_processing_i/axis_audio_delay_0/inst/memory_reg_0_0_i_2_n_0                                                                                             |               11 |             24 |
|  audio_processing_i/processing_system7_0/inst/FCLK_CLK0 | audio_processing_i/axis_audio_delay_0/inst/m_axis_tdata[31]_i_1_n_0                                                                                                    |                                                                                                                                                               |               10 |             24 |
|  audio_processing_i/processing_system7_0/inst/FCLK_CLK0 | audio_processing_i/axis_audio_tremolo_0/inst/s_axis_tready_reg0                                                                                                        | audio_processing_i/axis_audio_tremolo_0/inst/m_axis_tvalid_reg_i_1_n_0                                                                                        |                7 |             24 |
|  audio_processing_i/processing_system7_0/inst/FCLK_CLK0 | audio_processing_i/axis_audio_tremolo_0/inst/m_axis_tdata[31]_i_1_n_0                                                                                                  |                                                                                                                                                               |                5 |             24 |
|  audio_processing_i/processing_system7_0/inst/FCLK_CLK0 | audio_processing_i/axis_audio_filter_0/inst/m_axis_tdata[31]_i_1_n_0                                                                                                   |                                                                                                                                                               |                5 |             24 |
|  audio_processing_i/processing_system7_0/inst/FCLK_CLK0 | audio_processing_i/i2s_transmitter_0/inst/data_right0                                                                                                                  |                                                                                                                                                               |                4 |             24 |
|  audio_processing_i/processing_system7_0/inst/FCLK_CLK0 | audio_processing_i/ps7_0_axi_periph/s00_couplers/auto_pc/inst/gen_axilite.gen_b2s_conv.axilite_b2s/WR.aw_channel_0/aw_cmd_fsm_0/m_axi_awready_1                        |                                                                                                                                                               |                9 |             25 |
|  audio_processing_i/processing_system7_0/inst/FCLK_CLK0 |                                                                                                                                                                        | audio_processing_i/ssd1306_driver_0/inst/ssd1306_driver_inst/timer_inst/clear                                                                                 |                8 |             28 |
|  audio_processing_i/processing_system7_0/inst/FCLK_CLK0 | audio_processing_i/stereo_to_mono_0/inst/left_channel[31]_i_1_n_0                                                                                                      | audio_processing_i/stereo_to_mono_0/inst/raw_sample[7]_i_1_n_0                                                                                                |                6 |             31 |
|  audio_processing_i/processing_system7_0/inst/FCLK_CLK0 | audio_processing_i/i2s_transmitter_0/inst/sck_fall                                                                                                                     |                                                                                                                                                               |                9 |             31 |
|  audio_processing_i/processing_system7_0/inst/FCLK_CLK0 | audio_processing_i/i2s_receiver_0/inst/M_AXIS_TDATA[31]_i_1_n_0                                                                                                        |                                                                                                                                                               |                6 |             32 |
|  audio_processing_i/processing_system7_0/inst/FCLK_CLK0 | audio_processing_i/ssd1306_driver_0/inst/ssd1306_driver_v1_0_S00_AXI_inst/slv_reg_rden__0                                                                              | audio_processing_i/ssd1306_driver_0/inst/ssd1306_driver_v1_0_S00_AXI_inst/axi_awready_i_1_n_0                                                                 |               14 |             32 |
|  audio_processing_i/processing_system7_0/inst/FCLK_CLK0 | audio_processing_i/ssd1306_driver_0/inst/ssd1306_driver_inst/spi_master_inst/dout[31]_i_1_n_0                                                                          |                                                                                                                                                               |                8 |             32 |
|  audio_processing_i/processing_system7_0/inst/FCLK_CLK0 | audio_processing_i/adau1761_controller_0/inst/adau1761_spi/shift_count                                                                                                 | audio_processing_i/adau1761_controller_0/inst/adau1761_spi/shift_count[0]_i_1_n_0                                                                             |                8 |             32 |
|  audio_processing_i/processing_system7_0/inst/FCLK_CLK0 | audio_processing_i/adau1761_controller_0/inst/adau1761_controller_v1_0_S00_AXI_inst/slv_reg_rden                                                                       | audio_processing_i/adau1761_controller_0/inst/adau1761_controller_v1_0_S00_AXI_inst/p_0_in                                                                    |               13 |             32 |
|  audio_processing_i/processing_system7_0/inst/FCLK_CLK0 |                                                                                                                                                                        | audio_processing_i/sample_to_leds_0/inst/div_register[31]_i_1_n_0                                                                                             |               13 |             33 |
|  audio_processing_i/processing_system7_0/inst/FCLK_CLK0 | audio_processing_i/ps7_0_axi_periph/s00_couplers/auto_pc/inst/gen_axilite.gen_b2s_conv.axilite_b2s/RD.r_channel_0/rd_data_fifo_0/wr_en0                                |                                                                                                                                                               |                9 |             34 |
|  audio_processing_i/processing_system7_0/inst/FCLK_CLK0 | audio_processing_i/axis_audio_delay_0/inst/pointer[16]_i_1_n_0                                                                                                         | audio_processing_i/axis_audio_delay_0/inst/memory_reg_0_0_i_2_n_0                                                                                             |               10 |             34 |
|  audio_processing_i/processing_system7_0/inst/FCLK_CLK0 | audio_processing_i/ps7_0_axi_periph/xbar/inst/gen_sasd.crossbar_sasd_0/addr_arbiter_inst/E[0]                                                                          |                                                                                                                                                               |                6 |             35 |
|  audio_processing_i/processing_system7_0/inst/FCLK_CLK0 |                                                                                                                                                                        | audio_processing_i/axis_audio_tremolo_0/inst/m_axis_tvalid_reg_i_1_n_0                                                                                        |               16 |             36 |
|  audio_processing_i/processing_system7_0/inst/FCLK_CLK0 | audio_processing_i/axis_audio_distortion_0/inst/s_axis_tready_reg0                                                                                                     | audio_processing_i/axis_audio_distortion_0/inst/in_data[23]_i_1_n_0                                                                                           |               20 |             45 |
|  audio_processing_i/processing_system7_0/inst/FCLK_CLK0 | audio_processing_i/ps7_0_axi_periph/s00_couplers/auto_pc/inst/gen_axilite.gen_b2s_conv.axilite_b2s/SI_REG/r.r_pipe/p_1_in                                              |                                                                                                                                                               |                9 |             47 |
|  audio_processing_i/processing_system7_0/inst/FCLK_CLK0 | audio_processing_i/ps7_0_axi_periph/s00_couplers/auto_pc/inst/gen_axilite.gen_b2s_conv.axilite_b2s/SI_REG/r.r_pipe/s_ready_i_reg_0                                     |                                                                                                                                                               |                9 |             47 |
|  audio_processing_i/processing_system7_0/inst/FCLK_CLK0 | audio_processing_i/ps7_0_axi_periph/s00_couplers/auto_pc/inst/gen_axilite.gen_b2s_conv.axilite_b2s/RD.ar_channel_0/ar_cmd_fsm_0/FSM_sequential_state_reg[1]_0[0]       |                                                                                                                                                               |               12 |             48 |
|  audio_processing_i/processing_system7_0/inst/FCLK_CLK0 | audio_processing_i/ps7_0_axi_periph/s00_couplers/auto_pc/inst/gen_axilite.gen_b2s_conv.axilite_b2s/SI_REG/aw.aw_pipe/s_ready_i_reg_0                                   |                                                                                                                                                               |                9 |             48 |
|  audio_processing_i/processing_system7_0/inst/FCLK_CLK0 | audio_processing_i/ps7_0_axi_periph/s00_couplers/auto_pc/inst/gen_axilite.gen_b2s_conv.axilite_b2s/WR.aw_channel_0/aw_cmd_fsm_0/m_valid_i_reg[0]                       |                                                                                                                                                               |                8 |             48 |
|  audio_processing_i/processing_system7_0/inst/FCLK_CLK0 | audio_processing_i/ps7_0_axi_periph/s00_couplers/auto_pc/inst/gen_axilite.gen_b2s_conv.axilite_b2s/SI_REG/ar.ar_pipe/s_ready_i_reg_0                                   |                                                                                                                                                               |               12 |             48 |
|  audio_processing_i/processing_system7_0/inst/FCLK_CLK0 | audio_processing_i/axis_audio_filter_0/inst/s_axis_tready_reg0                                                                                                         | audio_processing_i/axis_audio_filter_0/inst/in_data[23]_i_1_n_0                                                                                               |               32 |             70 |
|  audio_processing_i/processing_system7_0/inst/FCLK_CLK0 | audio_processing_i/axis_audio_filter_0/inst/CEM                                                                                                                        | audio_processing_i/axis_audio_filter_0/inst/in_data[23]_i_1_n_0                                                                                               |               17 |             72 |
|  audio_processing_i/processing_system7_0/inst/FCLK_CLK0 | audio_processing_i/adau1761_controller_0/inst/adau1761_spi/shift_reg                                                                                                   |                                                                                                                                                               |               19 |             81 |
|  audio_processing_i/processing_system7_0/inst/FCLK_CLK0 |                                                                                                                                                                        |                                                                                                                                                               |              108 |            285 |
+---------------------------------------------------------+------------------------------------------------------------------------------------------------------------------------------------------------------------------------+---------------------------------------------------------------------------------------------------------------------------------------------------------------+------------------+----------------+


